        Info Looking up installed tauri packages to check mismatched versions...
     Running beforeBuildCommand `npm run build`

> seaply-client@0.1.0 build
> tsc -b && vite build

[36mvite v8.3.0 [32mbuilding client environment for production...[36m[39m
transforming...
✓ 3102 modules transformed.
rendering chunks...
computing gzip size...
dist/index.html                   0.41 kB │ gzip:   0.29 kB
dist/assets/index-DFjqMGoV.css    8.59 kB │ gzip:   2.26 kB
dist/assets/index-DmwQwuSX.js   839.97 kB │ gzip: 272.47 kB

[32m✓ built in 575ms[39m
[33m[plugin builtin:vite-reporter] 
(!) Some chunks are larger than 500 kB after minification. Consider:
- Using dynamic import() to code-split the application
- Use build.rolldownOptions.output.codeSplitting to improve chunking: https://rolldown.rs/reference/OutputOptions.codeSplitting
- Adjust chunk size limit for this warning via build.chunkSizeWarningLimit.[39m
[1m[92m   Compiling[0m seaply-client v0.1.0 (/Users/runner/work/seaply-client/seaply-client/src-tauri)
[1m[92m    Finished[0m `release` profile [optimized] target(s) in 38.77s
[1m[92m   Compiling[0m seaply-client v0.1.0 (/Users/runner/work/seaply-client/seaply-client/src-tauri)
[1m[92m    Finished[0m `release` profile [optimized] target(s) in 34.63s
       Built application at: /Users/runner/work/seaply-client/seaply-client/src-tauri/target/universal-apple-darwin/release/seaply-client
    Bundling Seaply Desk.app (/Users/runner/work/seaply-client/seaply-client/src-tauri/target/universal-apple-darwin/release/bundle/macos/Seaply Desk.app)
    Bundling Seaply Desk_0.1.0_universal.dmg (/Users/runner/work/seaply-client/seaply-client/src-tauri/target/universal-apple-darwin/release/bundle/dmg/Seaply Desk_0.1.0_universal.dmg)
     Running bundle_dmg.sh
    Cleaning /Users/runner/work/seaply-client/seaply-client/src-tauri/target/universal-apple-darwin/release/bundle/macos/Seaply Desk.app
    Finished 1 bundle at:
        /Users/runner/work/seaply-client/seaply-client/src-tauri/target/universal-apple-darwin/release/bundle/dmg/Seaply Desk_0.1.0_universal.dmg

