        Info Looking up installed tauri packages to check mismatched versions...
     Running beforeBuildCommand `npm run build`

> seaply-client@0.1.0 build
> tsc -b && vite build

[36mvite v8.3.0 [32mbuilding client environment for production...[36m[39m
transforming...
✓ 3102 modules transformed.
rendering chunks...
computing gzip size...
dist/index.html                   0.42 kB │ gzip:   0.30 kB
dist/assets/index-DFjqMGoV.css    8.59 kB │ gzip:   2.26 kB
dist/assets/index-DmwQwuSX.js   839.97 kB │ gzip: 272.47 kB

[32m✓ built in 826ms[39m
[33m[plugin builtin:vite-reporter] 
(!) Some chunks are larger than 500 kB after minification. Consider:
- Using dynamic import() to code-split the application
- Use build.rolldownOptions.output.codeSplitting to improve chunking: https://rolldown.rs/reference/OutputOptions.codeSplitting
- Adjust chunk size limit for this warning via build.chunkSizeWarningLimit.[39m
[1m[92m   Compiling[0m seaply-client v0.1.0 (D:\a\seaply-client\seaply-client\src-tauri)
[1m[91merror[E0599][0m[1m[97m: no variant named `Reopen` found for enum `RunEvent`[0m
  [1m[96m--> [0msrc\lib.rs:93:26
   [1m[96m|[0m
[1m[96m93[0m [1m[96m|[0m         if let RunEvent::Reopen { .. } = event {
   [1m[96m|[0m                          [1m[91m^^^^^^[0m [1m[91mvariant not found in `RunEvent`[0m

[1m[97mFor more information about this error, try `rustc --explain E0599`.[0m
[1m[91merror[0m: could not compile `seaply-client` (lib) due to 1 previous error
failed to build app: failed to build app
       Error failed to build app: failed to build app
